------------------------------------------------------------
TimeQuest Timing Analyzer Summary
------------------------------------------------------------

Type  : Slow 1100mV 85C Model Setup 'QSYS_lab4:u0|QSYS_lab4_hps_0:hps_0|QSYS_lab4_hps_0_hps_io:hps_io|QSYS_lab4_hps_0_hps_io_border:border|hps_sdram:hps_sdram_inst|hps_sdram_pll:pll|afi_clk_write_clk'
Slack : 1.730
TNS   : 0.000

Type  : Slow 1100mV 85C Model Setup 'altera_reserved_tck'
Slack : 11.573
TNS   : 0.000

Type  : Slow 1100mV 85C Model Hold 'QSYS_lab4:u0|QSYS_lab4_hps_0:hps_0|QSYS_lab4_hps_0_hps_io:hps_io|QSYS_lab4_hps_0_hps_io_border:border|hps_sdram:hps_sdram_inst|hps_sdram_pll:pll|afi_clk_write_clk'
Slack : 0.143
TNS   : 0.000

Type  : Slow 1100mV 85C Model Hold 'altera_reserved_tck'
Slack : 0.348
TNS   : 0.000

Type  : Slow 1100mV 85C Model Recovery 'QSYS_lab4:u0|QSYS_lab4_hps_0:hps_0|QSYS_lab4_hps_0_hps_io:hps_io|QSYS_lab4_hps_0_hps_io_border:border|hps_sdram:hps_sdram_inst|hps_sdram_pll:pll|afi_clk_write_clk'
Slack : 3.375
TNS   : 0.000

Type  : Slow 1100mV 85C Model Recovery 'altera_reserved_tck'
Slack : 14.163
TNS   : 0.000

Type  : Slow 1100mV 85C Model Removal 'QSYS_lab4:u0|QSYS_lab4_hps_0:hps_0|QSYS_lab4_hps_0_hps_io:hps_io|QSYS_lab4_hps_0_hps_io_border:border|hps_sdram:hps_sdram_inst|hps_sdram_pll:pll|afi_clk_write_clk'
Slack : 0.470
TNS   : 0.000

Type  : Slow 1100mV 85C Model Removal 'altera_reserved_tck'
Slack : 0.796
TNS   : 0.000

Type  : Slow 1100mV 85C Model Minimum Pulse Width 'QSYS_lab4:u0|QSYS_lab4_hps_0:hps_0|QSYS_lab4_hps_0_hps_io:hps_io|QSYS_lab4_hps_0_hps_io_border:border|hps_sdram:hps_sdram_inst|hps_sdram_pll:pll|pll_write_clk_dq_write_clk'
Slack : 0.608
TNS   : 0.000

Type  : Slow 1100mV 85C Model Minimum Pulse Width 'QSYS_lab4:u0|QSYS_lab4_hps_0:hps_0|QSYS_lab4_hps_0_hps_io:hps_io|QSYS_lab4_hps_0_hps_io_border:border|hps_sdram:hps_sdram_inst|hps_sdram_pll:pll|afi_clk_write_clk'
Slack : 0.623
TNS   : 0.000

Type  : Slow 1100mV 85C Model Minimum Pulse Width 'altera_reserved_tck'
Slack : 15.812
TNS   : 0.000

Type  : Slow 1100mV 0C Model Setup 'QSYS_lab4:u0|QSYS_lab4_hps_0:hps_0|QSYS_lab4_hps_0_hps_io:hps_io|QSYS_lab4_hps_0_hps_io_border:border|hps_sdram:hps_sdram_inst|hps_sdram_pll:pll|afi_clk_write_clk'
Slack : 1.727
TNS   : 0.000

Type  : Slow 1100mV 0C Model Setup 'altera_reserved_tck'
Slack : 11.761
TNS   : 0.000

Type  : Slow 1100mV 0C Model Hold 'QSYS_lab4:u0|QSYS_lab4_hps_0:hps_0|QSYS_lab4_hps_0_hps_io:hps_io|QSYS_lab4_hps_0_hps_io_border:border|hps_sdram:hps_sdram_inst|hps_sdram_pll:pll|afi_clk_write_clk'
Slack : 0.162
TNS   : 0.000

Type  : Slow 1100mV 0C Model Hold 'altera_reserved_tck'
Slack : 0.369
TNS   : 0.000

Type  : Slow 1100mV 0C Model Recovery 'QSYS_lab4:u0|QSYS_lab4_hps_0:hps_0|QSYS_lab4_hps_0_hps_io:hps_io|QSYS_lab4_hps_0_hps_io_border:border|hps_sdram:hps_sdram_inst|hps_sdram_pll:pll|afi_clk_write_clk'
Slack : 3.468
TNS   : 0.000

Type  : Slow 1100mV 0C Model Recovery 'altera_reserved_tck'
Slack : 14.296
TNS   : 0.000

Type  : Slow 1100mV 0C Model Removal 'QSYS_lab4:u0|QSYS_lab4_hps_0:hps_0|QSYS_lab4_hps_0_hps_io:hps_io|QSYS_lab4_hps_0_hps_io_border:border|hps_sdram:hps_sdram_inst|hps_sdram_pll:pll|afi_clk_write_clk'
Slack : 0.460
TNS   : 0.000

Type  : Slow 1100mV 0C Model Removal 'altera_reserved_tck'
Slack : 0.762
TNS   : 0.000

Type  : Slow 1100mV 0C Model Minimum Pulse Width 'QSYS_lab4:u0|QSYS_lab4_hps_0:hps_0|QSYS_lab4_hps_0_hps_io:hps_io|QSYS_lab4_hps_0_hps_io_border:border|hps_sdram:hps_sdram_inst|hps_sdram_pll:pll|pll_write_clk_dq_write_clk'
Slack : 0.613
TNS   : 0.000

Type  : Slow 1100mV 0C Model Minimum Pulse Width 'QSYS_lab4:u0|QSYS_lab4_hps_0:hps_0|QSYS_lab4_hps_0_hps_io:hps_io|QSYS_lab4_hps_0_hps_io_border:border|hps_sdram:hps_sdram_inst|hps_sdram_pll:pll|afi_clk_write_clk'
Slack : 0.630
TNS   : 0.000

Type  : Slow 1100mV 0C Model Minimum Pulse Width 'altera_reserved_tck'
Slack : 15.815
TNS   : 0.000

Type  : Fast 1100mV 85C Model Setup 'QSYS_lab4:u0|QSYS_lab4_hps_0:hps_0|QSYS_lab4_hps_0_hps_io:hps_io|QSYS_lab4_hps_0_hps_io_border:border|hps_sdram:hps_sdram_inst|hps_sdram_pll:pll|afi_clk_write_clk'
Slack : 2.110
TNS   : 0.000

Type  : Fast 1100mV 85C Model Setup 'altera_reserved_tck'
Slack : 13.725
TNS   : 0.000

Type  : Fast 1100mV 85C Model Hold 'QSYS_lab4:u0|QSYS_lab4_hps_0:hps_0|QSYS_lab4_hps_0_hps_io:hps_io|QSYS_lab4_hps_0_hps_io_border:border|hps_sdram:hps_sdram_inst|hps_sdram_pll:pll|afi_clk_write_clk'
Slack : 0.084
TNS   : 0.000

Type  : Fast 1100mV 85C Model Hold 'altera_reserved_tck'
Slack : 0.208
TNS   : 0.000

Type  : Fast 1100mV 85C Model Recovery 'QSYS_lab4:u0|QSYS_lab4_hps_0:hps_0|QSYS_lab4_hps_0_hps_io:hps_io|QSYS_lab4_hps_0_hps_io_border:border|hps_sdram:hps_sdram_inst|hps_sdram_pll:pll|afi_clk_write_clk'
Slack : 3.727
TNS   : 0.000

Type  : Fast 1100mV 85C Model Recovery 'altera_reserved_tck'
Slack : 15.282
TNS   : 0.000

Type  : Fast 1100mV 85C Model Removal 'altera_reserved_tck'
Slack : 0.389
TNS   : 0.000

Type  : Fast 1100mV 85C Model Removal 'QSYS_lab4:u0|QSYS_lab4_hps_0:hps_0|QSYS_lab4_hps_0_hps_io:hps_io|QSYS_lab4_hps_0_hps_io_border:border|hps_sdram:hps_sdram_inst|hps_sdram_pll:pll|afi_clk_write_clk'
Slack : 0.497
TNS   : 0.000

Type  : Fast 1100mV 85C Model Minimum Pulse Width 'QSYS_lab4:u0|QSYS_lab4_hps_0:hps_0|QSYS_lab4_hps_0_hps_io:hps_io|QSYS_lab4_hps_0_hps_io_border:border|hps_sdram:hps_sdram_inst|hps_sdram_pll:pll|pll_write_clk_dq_write_clk'
Slack : 0.883
TNS   : 0.000

Type  : Fast 1100mV 85C Model Minimum Pulse Width 'QSYS_lab4:u0|QSYS_lab4_hps_0:hps_0|QSYS_lab4_hps_0_hps_io:hps_io|QSYS_lab4_hps_0_hps_io_border:border|hps_sdram:hps_sdram_inst|hps_sdram_pll:pll|afi_clk_write_clk'
Slack : 0.891
TNS   : 0.000

Type  : Fast 1100mV 85C Model Minimum Pulse Width 'altera_reserved_tck'
Slack : 15.777
TNS   : 0.000

Type  : Fast 1100mV 0C Model Setup 'QSYS_lab4:u0|QSYS_lab4_hps_0:hps_0|QSYS_lab4_hps_0_hps_io:hps_io|QSYS_lab4_hps_0_hps_io_border:border|hps_sdram:hps_sdram_inst|hps_sdram_pll:pll|afi_clk_write_clk'
Slack : 2.110
TNS   : 0.000

Type  : Fast 1100mV 0C Model Setup 'altera_reserved_tck'
Slack : 14.059
TNS   : 0.000

Type  : Fast 1100mV 0C Model Hold 'QSYS_lab4:u0|QSYS_lab4_hps_0:hps_0|QSYS_lab4_hps_0_hps_io:hps_io|QSYS_lab4_hps_0_hps_io_border:border|hps_sdram:hps_sdram_inst|hps_sdram_pll:pll|afi_clk_write_clk'
Slack : 0.077
TNS   : 0.000

Type  : Fast 1100mV 0C Model Hold 'altera_reserved_tck'
Slack : 0.175
TNS   : 0.000

Type  : Fast 1100mV 0C Model Recovery 'QSYS_lab4:u0|QSYS_lab4_hps_0:hps_0|QSYS_lab4_hps_0_hps_io:hps_io|QSYS_lab4_hps_0_hps_io_border:border|hps_sdram:hps_sdram_inst|hps_sdram_pll:pll|afi_clk_write_clk'
Slack : 3.825
TNS   : 0.000

Type  : Fast 1100mV 0C Model Recovery 'altera_reserved_tck'
Slack : 15.457
TNS   : 0.000

Type  : Fast 1100mV 0C Model Removal 'altera_reserved_tck'
Slack : 0.343
TNS   : 0.000

Type  : Fast 1100mV 0C Model Removal 'QSYS_lab4:u0|QSYS_lab4_hps_0:hps_0|QSYS_lab4_hps_0_hps_io:hps_io|QSYS_lab4_hps_0_hps_io_border:border|hps_sdram:hps_sdram_inst|hps_sdram_pll:pll|afi_clk_write_clk'
Slack : 0.473
TNS   : 0.000

Type  : Fast 1100mV 0C Model Minimum Pulse Width 'QSYS_lab4:u0|QSYS_lab4_hps_0:hps_0|QSYS_lab4_hps_0_hps_io:hps_io|QSYS_lab4_hps_0_hps_io_border:border|hps_sdram:hps_sdram_inst|hps_sdram_pll:pll|pll_write_clk_dq_write_clk'
Slack : 0.887
TNS   : 0.000

Type  : Fast 1100mV 0C Model Minimum Pulse Width 'QSYS_lab4:u0|QSYS_lab4_hps_0:hps_0|QSYS_lab4_hps_0_hps_io:hps_io|QSYS_lab4_hps_0_hps_io_border:border|hps_sdram:hps_sdram_inst|hps_sdram_pll:pll|afi_clk_write_clk'
Slack : 0.894
TNS   : 0.000

Type  : Fast 1100mV 0C Model Minimum Pulse Width 'altera_reserved_tck'
Slack : 15.797
TNS   : 0.000

------------------------------------------------------------
Info: see the "DDR report" for DDR timing results
------------------------------------------------------------
------------------------------------------------------------
